     1 00000000 E91100                  jmp near start
     2                                  
     3                                  string: 
     4 00000003 7A686F6E676A696532-           db 'zhongjie21141122:'        ;SUM(ASCII)=862 
     4 0000000C 313134313132323A   
     5                                  
     6                                  start:                              ;设置显存基址 
     7 00000014 B800B8                        mov ax,0xb800
     8 00000017 8EC0                          mov es,ax 
     9 00000019 B8C007                        mov ax,0x07c0                 ; 设置数据基址 
    10 0000001C 8ED8                          mov ds,ax
    11                                  ;------------------------------------------------------------------------------;      
    12 0000001E B91100                        mov cx,(start-string)
    13 00000021 BE[0300]                      mov si,string
    14 00000024 31FF                          xor di,di
    15                                  ShowStr:
    16 00000026 8A04                          mov al,[si]                   ;设置颜色亮白 
    17 00000028 B40F                          mov ah,0x0f
    18 0000002A 268905                        mov [es:di],ax
    19 0000002D 46                            inc si
    20 0000002E 83C702                        add di,2
    21 00000031 E2F3                          loop ShowStr
    22                                  ;------------------------------------------------------------------------------;                
    23 00000033 B90800                        mov cx,8
    24 00000036 31C0                          xor ax,ax
    25 00000038 30FF                          xor bh,bh
    26 0000003A BE[0300]                      mov si,string                  
    27                                  adda:
    28 0000003D 8A1C                          mov byte bl,[si]              ;读取一个字节 
    29 0000003F 01D8                          add ax,bx 
    30 00000041 46                            inc si
    31 00000042 E2F9                          loop adda                     ;相加结果在ax中 
    32                                  ;------------------------------------------------------------------------------;
    33 00000044 B90300                        mov cx,3			    ;除3次
    34 00000047 BB0A00                        mov bx,10
    35                                  divi:
    36 0000004A 31D2                          xor dx,dx
    37 0000004C F7F3                          div bx
    38 0000004E 80C230                        add dl,'0'		    ;+48获得其ASCII码
    39 00000051 B60C                          mov dh,0x0c                   ;浅红 
    40 00000053 52                            push dx 
    41 00000054 E2F4                          loop divi 
    42                                  ;------------------------------------------------------------------------------;      
    43 00000056 BE2400                        mov si,(start-string+1)*2	    ;显存偏移
    44 00000059 B90300                        mov cx,3						
    45                                   show:
    46 0000005C 58                            pop ax		            ;弹栈
    47 0000005D 268904                        mov word [es:si],ax	    ;送入显存
    48 00000060 83C602                        add si,2
    49 00000063 E2F7                          loop show
    50                                  ;------------------------------------------------------------------------------;      
    51 00000065 E9FDFF                        jmp near $ 
    52                                        
    53 00000068 00<rept>                times 510-($-$$) db 0
    54 000001FE 55AA                    dw 0xaa55
